fdfsfdf